[debug] [2026-07-03T02:07:42.299Z] ----------------------------------------------------------------------
[debug] [2026-07-03T02:07:42.303Z] Command:       /Users/scotmacair/.nvm/versions/node/v22.21.1/bin/node /Users/scotmacair/.nvm/versions/node/v22.21.1/bin/firebase deploy --only functions:stripeWebhook --project factoryoncall
[debug] [2026-07-03T02:07:42.303Z] CLI Version:   15.20.0
[debug] [2026-07-03T02:07:42.304Z] Platform:      darwin
[debug] [2026-07-03T02:07:42.304Z] Node Version:  v22.21.1
[debug] [2026-07-03T02:07:42.305Z] Time:          Thu Jul 02 2026 22:07:42 GMT-0400 (Eastern Daylight Saving Time)
[debug] [2026-07-03T02:07:42.306Z] ----------------------------------------------------------------------
[debug] 
[debug] [2026-07-03T02:07:43.527Z] > command requires scopes: ["email","openid","https://www.googleapis.com/auth/cloudplatformprojects.readonly","https://www.googleapis.com/auth/firebase","https://www.googleapis.com/auth/cloud-platform"]
[debug] [2026-07-03T02:07:43.528Z] > authorizing via signed-in user (scotfree@hotmail.com)
[debug] [2026-07-03T02:07:43.529Z] [iam] checking project factoryoncall for permissions ["cloudfunctions.functions.create","cloudfunctions.functions.delete","cloudfunctions.functions.get","cloudfunctions.functions.list","cloudfunctions.functions.update","cloudfunctions.operations.get","firebase.projects.get"]
[debug] [2026-07-03T02:07:43.531Z] Checked if tokens are valid: false, expires at: 1783039401503
[debug] [2026-07-03T02:07:43.531Z] Checked if tokens are valid: false, expires at: 1783039401503
[debug] [2026-07-03T02:07:43.532Z] > refreshing access token with scopes: []
[debug] [2026-07-03T02:07:43.533Z] >>> [apiv2][query] POST https://www.googleapis.com/oauth2/v3/token [none]
[debug] [2026-07-03T02:07:43.534Z] >>> [apiv2][body] POST https://www.googleapis.com/oauth2/v3/token [omitted]
[debug] [2026-07-03T02:07:43.790Z] <<< [apiv2][status] POST https://www.googleapis.com/oauth2/v3/token 200
[debug] [2026-07-03T02:07:43.791Z] <<< [apiv2][body] POST https://www.googleapis.com/oauth2/v3/token [omitted]
[debug] [2026-07-03T02:07:43.806Z] >>> [apiv2][query] POST https://cloudresourcemanager.googleapis.com/v1/projects/factoryoncall:testIamPermissions [none]
[debug] [2026-07-03T02:07:43.806Z] >>> [apiv2][(partial)header] POST https://cloudresourcemanager.googleapis.com/v1/projects/factoryoncall:testIamPermissions  x-goog-user-project=factoryoncall
[debug] [2026-07-03T02:07:43.806Z] >>> [apiv2][body] POST https://cloudresourcemanager.googleapis.com/v1/projects/factoryoncall:testIamPermissions {"permissions":["cloudfunctions.functions.create","cloudfunctions.functions.delete","cloudfunctions.functions.get","cloudfunctions.functions.list","cloudfunctions.functions.update","cloudfunctions.operations.get","firebase.projects.get"]}
[debug] [2026-07-03T02:07:44.182Z] <<< [apiv2][status] POST https://cloudresourcemanager.googleapis.com/v1/projects/factoryoncall:testIamPermissions 200
[debug] [2026-07-03T02:07:44.182Z] <<< [apiv2][body] POST https://cloudresourcemanager.googleapis.com/v1/projects/factoryoncall:testIamPermissions {"permissions":["cloudfunctions.functions.create","cloudfunctions.functions.delete","cloudfunctions.functions.get","cloudfunctions.functions.list","cloudfunctions.functions.update","cloudfunctions.operations.get","firebase.projects.get"]}
[debug] [2026-07-03T02:07:44.183Z] Checked if tokens are valid: true, expires at: 1783048062791
[debug] [2026-07-03T02:07:44.183Z] Checked if tokens are valid: true, expires at: 1783048062791
[debug] [2026-07-03T02:07:44.183Z] >>> [apiv2][query] POST https://iam.googleapis.com/v1/projects/factoryoncall/serviceAccounts/factoryoncall@appspot.gserviceaccount.com:testIamPermissions [none]
[debug] [2026-07-03T02:07:44.183Z] >>> [apiv2][body] POST https://iam.googleapis.com/v1/projects/factoryoncall/serviceAccounts/factoryoncall@appspot.gserviceaccount.com:testIamPermissions {"permissions":["iam.serviceAccounts.actAs"]}
[debug] [2026-07-03T02:07:44.413Z] <<< [apiv2][status] POST https://iam.googleapis.com/v1/projects/factoryoncall/serviceAccounts/factoryoncall@appspot.gserviceaccount.com:testIamPermissions 200
[debug] [2026-07-03T02:07:44.413Z] <<< [apiv2][body] POST https://iam.googleapis.com/v1/projects/factoryoncall/serviceAccounts/factoryoncall@appspot.gserviceaccount.com:testIamPermissions {"permissions":["iam.serviceAccounts.actAs"]}
[info] 
[info] === Deploying to 'factoryoncall'...
[info] 
[info] i  deploying functions 
[debug] [2026-07-03T02:07:44.420Z] Checked if tokens are valid: true, expires at: 1783048062791
[debug] [2026-07-03T02:07:44.421Z] Checked if tokens are valid: true, expires at: 1783048062791
[debug] [2026-07-03T02:07:44.421Z] >>> [apiv2][query] GET https://cloudresourcemanager.googleapis.com/v1/projects/factoryoncall [none]
[debug] [2026-07-03T02:07:44.532Z] <<< [apiv2][status] GET https://cloudresourcemanager.googleapis.com/v1/projects/factoryoncall 200
[debug] [2026-07-03T02:07:44.532Z] <<< [apiv2][body] GET https://cloudresourcemanager.googleapis.com/v1/projects/factoryoncall {"projectNumber":"586355508568","projectId":"factoryoncall","lifecycleState":"ACTIVE","name":"FactoryOnCall","labels":{"firebase":"enabled","firebase-core":"disabled"},"createTime":"2025-11-04T03:20:17.175233Z"}
[info] i  functions: preparing codebase default for deployment 
[info] i  functions: ensuring required API cloudfunctions.googleapis.com is enabled... 
[info] i  functions: ensuring required API cloudbuild.googleapis.com is enabled... 
[info] i  artifactregistry: ensuring required API artifactregistry.googleapis.com is enabled... 
[debug] [2026-07-03T02:07:44.538Z] Checked if tokens are valid: true, expires at: 1783048062791
[debug] [2026-07-03T02:07:44.538Z] Checked if tokens are valid: true, expires at: 1783048062791
[debug] [2026-07-03T02:07:44.538Z] >>> [apiv2][query] GET https://firebase.googleapis.com/v1beta1/projects/factoryoncall/adminSdkConfig [none]
[debug] [2026-07-03T02:07:44.840Z] <<< [apiv2][status] GET https://firebase.googleapis.com/v1beta1/projects/factoryoncall/adminSdkConfig 200
[debug] [2026-07-03T02:07:44.840Z] <<< [apiv2][body] GET https://firebase.googleapis.com/v1beta1/projects/factoryoncall/adminSdkConfig {"projectId":"factoryoncall","storageBucket":"factoryoncall.firebasestorage.app"}
[debug] [2026-07-03T02:07:44.841Z] Checked if tokens are valid: true, expires at: 1783048062791
[debug] [2026-07-03T02:07:44.841Z] Checked if tokens are valid: true, expires at: 1783048062791
[debug] [2026-07-03T02:07:44.842Z] >>> [apiv2][query] GET https://runtimeconfig.googleapis.com/v1beta1/projects/factoryoncall/configs [none]
[debug] [2026-07-03T02:07:45.243Z] <<< [apiv2][status] GET https://runtimeconfig.googleapis.com/v1beta1/projects/factoryoncall/configs 200
[debug] [2026-07-03T02:07:45.244Z] <<< [apiv2][body] GET https://runtimeconfig.googleapis.com/v1beta1/projects/factoryoncall/configs {}
[debug] [2026-07-03T02:07:45.246Z] Validating nodejs source
[warn] ⚠  functions: package.json indicates an outdated version of firebase-functions. Please upgrade using npm install --save firebase-functions@latest in your functions directory. 
[warn] ⚠  functions: Please note that there will be breaking changes when you upgrade. 
[debug] [2026-07-03T02:07:46.104Z] > [functions] package.json contents: {
  "name": "factory-on-call-functions",
  "version": "1.0.0",
  "description": "Factory On Call Firebase Functions",
  "main": "index.js",
  "private": true,
  "type": "commonjs",
  "engines": {
    "node": "22"
  },
  "scripts": {
    "deploy": "firebase deploy --only functions",
    "lint": "echo \"No lint configured\""
  },
  "dependencies": {
    "firebase-admin": "^13.4.0",
    "firebase-functions": "^6.4.0",
    "resend": "^4.0.1",
    "stripe": "^17.5.0"
  }
}
[debug] [2026-07-03T02:07:46.104Z] Building nodejs source
[info] i  functions: Loading and analyzing source code for codebase default to determine what to deploy 
[debug] [2026-07-03T02:07:46.106Z] Could not find functions.yaml. Must use http discovery
[debug] [2026-07-03T02:07:46.119Z] Found firebase-functions binary at '/Users/scotmacair/Desktop/Allsites/onetmediagroup-site/factoryoncall/functions/node_modules/.bin/firebase-functions'
[debug] [2026-07-03T02:07:46.124Z] Error: spawn /Users/scotmacair/Desktop/Allsites/onetmediagroup-site/factoryoncall/functions/node_modules/.bin/firebase-functions EACCES
    at ChildProcess._handle.onexit (node:internal/child_process:285:19)
    at onErrorNT (node:internal/child_process:483:16)
    at process.processTicksAndRejections (node:internal/process/task_queues:90:21)
[error] 
[error] Error: An unexpected error has occurred.
[debug] [2026-07-03T02:08:11.427Z] ----------------------------------------------------------------------
[debug] [2026-07-03T02:08:11.431Z] Command:       /Users/scotmacair/.nvm/versions/node/v22.21.1/bin/node /Users/scotmacair/.nvm/versions/node/v22.21.1/bin/firebase deploy --only functions:stripeWebhook --project factoryoncall
[debug] [2026-07-03T02:08:11.432Z] CLI Version:   15.20.0
[debug] [2026-07-03T02:08:11.432Z] Platform:      darwin
[debug] [2026-07-03T02:08:11.432Z] Node Version:  v22.21.1
[debug] [2026-07-03T02:08:11.433Z] Time:          Thu Jul 02 2026 22:08:11 GMT-0400 (Eastern Daylight Saving Time)
[debug] [2026-07-03T02:08:11.435Z] ----------------------------------------------------------------------
[debug] 
[debug] [2026-07-03T02:08:12.383Z] > command requires scopes: ["email","openid","https://www.googleapis.com/auth/cloudplatformprojects.readonly","https://www.googleapis.com/auth/firebase","https://www.googleapis.com/auth/cloud-platform"]
[debug] [2026-07-03T02:08:12.383Z] > authorizing via signed-in user (scotfree@hotmail.com)
[debug] [2026-07-03T02:08:12.384Z] [iam] checking project factoryoncall for permissions ["cloudfunctions.functions.create","cloudfunctions.functions.delete","cloudfunctions.functions.get","cloudfunctions.functions.list","cloudfunctions.functions.update","cloudfunctions.operations.get","firebase.projects.get"]
[debug] [2026-07-03T02:08:12.386Z] Checked if tokens are valid: true, expires at: 1783048062791
[debug] [2026-07-03T02:08:12.387Z] Checked if tokens are valid: true, expires at: 1783048062791
[debug] [2026-07-03T02:08:12.388Z] >>> [apiv2][query] POST https://cloudresourcemanager.googleapis.com/v1/projects/factoryoncall:testIamPermissions [none]
[debug] [2026-07-03T02:08:12.388Z] >>> [apiv2][(partial)header] POST https://cloudresourcemanager.googleapis.com/v1/projects/factoryoncall:testIamPermissions  x-goog-user-project=factoryoncall
[debug] [2026-07-03T02:08:12.388Z] >>> [apiv2][body] POST https://cloudresourcemanager.googleapis.com/v1/projects/factoryoncall:testIamPermissions {"permissions":["cloudfunctions.functions.create","cloudfunctions.functions.delete","cloudfunctions.functions.get","cloudfunctions.functions.list","cloudfunctions.functions.update","cloudfunctions.operations.get","firebase.projects.get"]}
[debug] [2026-07-03T02:08:12.829Z] <<< [apiv2][status] POST https://cloudresourcemanager.googleapis.com/v1/projects/factoryoncall:testIamPermissions 200
[debug] [2026-07-03T02:08:12.829Z] <<< [apiv2][body] POST https://cloudresourcemanager.googleapis.com/v1/projects/factoryoncall:testIamPermissions {"permissions":["cloudfunctions.functions.create","cloudfunctions.functions.delete","cloudfunctions.functions.get","cloudfunctions.functions.list","cloudfunctions.functions.update","cloudfunctions.operations.get","firebase.projects.get"]}
[debug] [2026-07-03T02:08:12.830Z] Checked if tokens are valid: true, expires at: 1783048062791
[debug] [2026-07-03T02:08:12.830Z] Checked if tokens are valid: true, expires at: 1783048062791
[debug] [2026-07-03T02:08:12.830Z] >>> [apiv2][query] POST https://iam.googleapis.com/v1/projects/factoryoncall/serviceAccounts/factoryoncall@appspot.gserviceaccount.com:testIamPermissions [none]
[debug] [2026-07-03T02:08:12.830Z] >>> [apiv2][body] POST https://iam.googleapis.com/v1/projects/factoryoncall/serviceAccounts/factoryoncall@appspot.gserviceaccount.com:testIamPermissions {"permissions":["iam.serviceAccounts.actAs"]}
[debug] [2026-07-03T02:08:13.128Z] <<< [apiv2][status] POST https://iam.googleapis.com/v1/projects/factoryoncall/serviceAccounts/factoryoncall@appspot.gserviceaccount.com:testIamPermissions 200
[debug] [2026-07-03T02:08:13.129Z] <<< [apiv2][body] POST https://iam.googleapis.com/v1/projects/factoryoncall/serviceAccounts/factoryoncall@appspot.gserviceaccount.com:testIamPermissions {"permissions":["iam.serviceAccounts.actAs"]}
[info] 
[info] === Deploying to 'factoryoncall'...
[info] 
[info] i  deploying functions 
[debug] [2026-07-03T02:08:13.135Z] Checked if tokens are valid: true, expires at: 1783048062791
[debug] [2026-07-03T02:08:13.136Z] Checked if tokens are valid: true, expires at: 1783048062791
[debug] [2026-07-03T02:08:13.136Z] >>> [apiv2][query] GET https://cloudresourcemanager.googleapis.com/v1/projects/factoryoncall [none]
[debug] [2026-07-03T02:08:13.261Z] <<< [apiv2][status] GET https://cloudresourcemanager.googleapis.com/v1/projects/factoryoncall 200
[debug] [2026-07-03T02:08:13.262Z] <<< [apiv2][body] GET https://cloudresourcemanager.googleapis.com/v1/projects/factoryoncall {"projectNumber":"586355508568","projectId":"factoryoncall","lifecycleState":"ACTIVE","name":"FactoryOnCall","labels":{"firebase":"enabled","firebase-core":"disabled"},"createTime":"2025-11-04T03:20:17.175233Z"}
[info] i  functions: preparing codebase default for deployment 
[info] i  functions: ensuring required API cloudfunctions.googleapis.com is enabled... 
[info] i  functions: ensuring required API cloudbuild.googleapis.com is enabled... 
[info] i  artifactregistry: ensuring required API artifactregistry.googleapis.com is enabled... 
[debug] [2026-07-03T02:08:13.268Z] Checked if tokens are valid: true, expires at: 1783048062791
[debug] [2026-07-03T02:08:13.268Z] Checked if tokens are valid: true, expires at: 1783048062791
[debug] [2026-07-03T02:08:13.268Z] >>> [apiv2][query] GET https://firebase.googleapis.com/v1beta1/projects/factoryoncall/adminSdkConfig [none]
[debug] [2026-07-03T02:08:13.560Z] <<< [apiv2][status] GET https://firebase.googleapis.com/v1beta1/projects/factoryoncall/adminSdkConfig 200
[debug] [2026-07-03T02:08:13.561Z] <<< [apiv2][body] GET https://firebase.googleapis.com/v1beta1/projects/factoryoncall/adminSdkConfig {"projectId":"factoryoncall","storageBucket":"factoryoncall.firebasestorage.app"}
[debug] [2026-07-03T02:08:13.563Z] Checked if tokens are valid: true, expires at: 1783048062791
[debug] [2026-07-03T02:08:13.564Z] Checked if tokens are valid: true, expires at: 1783048062791
[debug] [2026-07-03T02:08:13.564Z] >>> [apiv2][query] GET https://runtimeconfig.googleapis.com/v1beta1/projects/factoryoncall/configs [none]
[debug] [2026-07-03T02:08:13.791Z] <<< [apiv2][status] GET https://runtimeconfig.googleapis.com/v1beta1/projects/factoryoncall/configs 200
[debug] [2026-07-03T02:08:13.791Z] <<< [apiv2][body] GET https://runtimeconfig.googleapis.com/v1beta1/projects/factoryoncall/configs {}
[debug] [2026-07-03T02:08:13.794Z] Validating nodejs source
[warn] ⚠  functions: package.json indicates an outdated version of firebase-functions. Please upgrade using npm install --save firebase-functions@latest in your functions directory. 
[warn] ⚠  functions: Please note that there will be breaking changes when you upgrade. 
[debug] [2026-07-03T02:08:14.458Z] > [functions] package.json contents: {
  "name": "factory-on-call-functions",
  "version": "1.0.0",
  "description": "Factory On Call Firebase Functions",
  "main": "index.js",
  "private": true,
  "type": "commonjs",
  "engines": {
    "node": "22"
  },
  "scripts": {
    "deploy": "firebase deploy --only functions",
    "lint": "echo \"No lint configured\""
  },
  "dependencies": {
    "firebase-admin": "^13.4.0",
    "firebase-functions": "^6.4.0",
    "resend": "^4.0.1",
    "stripe": "^17.5.0"
  }
}
[debug] [2026-07-03T02:08:14.458Z] Building nodejs source
[info] i  functions: Loading and analyzing source code for codebase default to determine what to deploy 
[debug] [2026-07-03T02:08:14.460Z] Could not find functions.yaml. Must use http discovery
[debug] [2026-07-03T02:08:14.471Z] Found firebase-functions binary at '/Users/scotmacair/Desktop/Allsites/onetmediagroup-site/factoryoncall/functions/node_modules/.bin/firebase-functions'
[debug] [2026-07-03T02:08:14.476Z] Error: spawn /Users/scotmacair/Desktop/Allsites/onetmediagroup-site/factoryoncall/functions/node_modules/.bin/firebase-functions EACCES
    at ChildProcess._handle.onexit (node:internal/child_process:285:19)
    at onErrorNT (node:internal/child_process:483:16)
    at process.processTicksAndRejections (node:internal/process/task_queues:90:21)
[error] 
[error] Error: An unexpected error has occurred.
[debug] [2026-07-03T02:09:56.922Z] ----------------------------------------------------------------------
[debug] [2026-07-03T02:09:56.925Z] Command:       /Users/scotmacair/.nvm/versions/node/v22.21.1/bin/node /Users/scotmacair/.nvm/versions/node/v22.21.1/bin/firebase deploy --only functions:stripeWebhook --project factoryoncall
[debug] [2026-07-03T02:09:56.926Z] CLI Version:   15.20.0
[debug] [2026-07-03T02:09:56.926Z] Platform:      darwin
[debug] [2026-07-03T02:09:56.927Z] Node Version:  v22.21.1
[debug] [2026-07-03T02:09:56.928Z] Time:          Thu Jul 02 2026 22:09:56 GMT-0400 (Eastern Daylight Saving Time)
[debug] [2026-07-03T02:09:56.929Z] ----------------------------------------------------------------------
[debug] 
[debug] [2026-07-03T02:09:58.029Z] > command requires scopes: ["email","openid","https://www.googleapis.com/auth/cloudplatformprojects.readonly","https://www.googleapis.com/auth/firebase","https://www.googleapis.com/auth/cloud-platform"]
[debug] [2026-07-03T02:09:58.029Z] > authorizing via signed-in user (scotfree@hotmail.com)
[debug] [2026-07-03T02:09:58.030Z] [iam] checking project factoryoncall for permissions ["cloudfunctions.functions.create","cloudfunctions.functions.delete","cloudfunctions.functions.get","cloudfunctions.functions.list","cloudfunctions.functions.update","cloudfunctions.operations.get","firebase.projects.get"]
[debug] [2026-07-03T02:09:58.032Z] Checked if tokens are valid: true, expires at: 1783048062791
[debug] [2026-07-03T02:09:58.032Z] Checked if tokens are valid: true, expires at: 1783048062791
[debug] [2026-07-03T02:09:58.034Z] >>> [apiv2][query] POST https://cloudresourcemanager.googleapis.com/v1/projects/factoryoncall:testIamPermissions [none]
[debug] [2026-07-03T02:09:58.034Z] >>> [apiv2][(partial)header] POST https://cloudresourcemanager.googleapis.com/v1/projects/factoryoncall:testIamPermissions  x-goog-user-project=factoryoncall
[debug] [2026-07-03T02:09:58.034Z] >>> [apiv2][body] POST https://cloudresourcemanager.googleapis.com/v1/projects/factoryoncall:testIamPermissions {"permissions":["cloudfunctions.functions.create","cloudfunctions.functions.delete","cloudfunctions.functions.get","cloudfunctions.functions.list","cloudfunctions.functions.update","cloudfunctions.operations.get","firebase.projects.get"]}
[debug] [2026-07-03T02:09:58.425Z] <<< [apiv2][status] POST https://cloudresourcemanager.googleapis.com/v1/projects/factoryoncall:testIamPermissions 200
[debug] [2026-07-03T02:09:58.425Z] <<< [apiv2][body] POST https://cloudresourcemanager.googleapis.com/v1/projects/factoryoncall:testIamPermissions {"permissions":["cloudfunctions.functions.create","cloudfunctions.functions.delete","cloudfunctions.functions.get","cloudfunctions.functions.list","cloudfunctions.functions.update","cloudfunctions.operations.get","firebase.projects.get"]}
[debug] [2026-07-03T02:09:58.426Z] Checked if tokens are valid: true, expires at: 1783048062791
[debug] [2026-07-03T02:09:58.426Z] Checked if tokens are valid: true, expires at: 1783048062791
[debug] [2026-07-03T02:09:58.426Z] >>> [apiv2][query] POST https://iam.googleapis.com/v1/projects/factoryoncall/serviceAccounts/factoryoncall@appspot.gserviceaccount.com:testIamPermissions [none]
[debug] [2026-07-03T02:09:58.426Z] >>> [apiv2][body] POST https://iam.googleapis.com/v1/projects/factoryoncall/serviceAccounts/factoryoncall@appspot.gserviceaccount.com:testIamPermissions {"permissions":["iam.serviceAccounts.actAs"]}
[debug] [2026-07-03T02:09:58.742Z] <<< [apiv2][status] POST https://iam.googleapis.com/v1/projects/factoryoncall/serviceAccounts/factoryoncall@appspot.gserviceaccount.com:testIamPermissions 200
[debug] [2026-07-03T02:09:58.742Z] <<< [apiv2][body] POST https://iam.googleapis.com/v1/projects/factoryoncall/serviceAccounts/factoryoncall@appspot.gserviceaccount.com:testIamPermissions {"permissions":["iam.serviceAccounts.actAs"]}
[info] 
[info] === Deploying to 'factoryoncall'...
[info] 
[info] i  deploying functions 
[debug] [2026-07-03T02:09:58.747Z] Checked if tokens are valid: true, expires at: 1783048062791
[debug] [2026-07-03T02:09:58.747Z] Checked if tokens are valid: true, expires at: 1783048062791
[debug] [2026-07-03T02:09:58.748Z] >>> [apiv2][query] GET https://cloudresourcemanager.googleapis.com/v1/projects/factoryoncall [none]
[debug] [2026-07-03T02:09:58.852Z] <<< [apiv2][status] GET https://cloudresourcemanager.googleapis.com/v1/projects/factoryoncall 200
[debug] [2026-07-03T02:09:58.852Z] <<< [apiv2][body] GET https://cloudresourcemanager.googleapis.com/v1/projects/factoryoncall {"projectNumber":"586355508568","projectId":"factoryoncall","lifecycleState":"ACTIVE","name":"FactoryOnCall","labels":{"firebase":"enabled","firebase-core":"disabled"},"createTime":"2025-11-04T03:20:17.175233Z"}
[info] i  functions: preparing codebase default for deployment 
[info] i  functions: ensuring required API cloudfunctions.googleapis.com is enabled... 
[info] i  functions: ensuring required API cloudbuild.googleapis.com is enabled... 
[info] i  artifactregistry: ensuring required API artifactregistry.googleapis.com is enabled... 
[debug] [2026-07-03T02:09:58.858Z] Checked if tokens are valid: true, expires at: 1783048062791
[debug] [2026-07-03T02:09:58.858Z] Checked if tokens are valid: true, expires at: 1783048062791
[debug] [2026-07-03T02:09:58.858Z] >>> [apiv2][query] GET https://firebase.googleapis.com/v1beta1/projects/factoryoncall/adminSdkConfig [none]
[debug] [2026-07-03T02:09:59.179Z] <<< [apiv2][status] GET https://firebase.googleapis.com/v1beta1/projects/factoryoncall/adminSdkConfig 200
[debug] [2026-07-03T02:09:59.180Z] <<< [apiv2][body] GET https://firebase.googleapis.com/v1beta1/projects/factoryoncall/adminSdkConfig {"projectId":"factoryoncall","storageBucket":"factoryoncall.firebasestorage.app"}
[debug] [2026-07-03T02:09:59.181Z] Checked if tokens are valid: true, expires at: 1783048062791
[debug] [2026-07-03T02:09:59.181Z] Checked if tokens are valid: true, expires at: 1783048062791
[debug] [2026-07-03T02:09:59.182Z] >>> [apiv2][query] GET https://runtimeconfig.googleapis.com/v1beta1/projects/factoryoncall/configs [none]
[debug] [2026-07-03T02:09:59.436Z] <<< [apiv2][status] GET https://runtimeconfig.googleapis.com/v1beta1/projects/factoryoncall/configs 200
[debug] [2026-07-03T02:09:59.436Z] <<< [apiv2][body] GET https://runtimeconfig.googleapis.com/v1beta1/projects/factoryoncall/configs {}
[debug] [2026-07-03T02:09:59.438Z] Validating nodejs source
[warn] ⚠  functions: package.json indicates an outdated version of firebase-functions. Please upgrade using npm install --save firebase-functions@latest in your functions directory. 
[warn] ⚠  functions: Please note that there will be breaking changes when you upgrade. 
[debug] [2026-07-03T02:10:00.102Z] > [functions] package.json contents: {
  "name": "factory-on-call-functions",
  "version": "1.0.0",
  "description": "Factory On Call Firebase Functions",
  "main": "index.js",
  "private": true,
  "type": "commonjs",
  "engines": {
    "node": "22"
  },
  "scripts": {
    "deploy": "firebase deploy --only functions",
    "lint": "echo \"No lint configured\""
  },
  "dependencies": {
    "firebase-admin": "^13.4.0",
    "firebase-functions": "^6.4.0",
    "resend": "^4.0.1",
    "stripe": "^17.5.0"
  }
}
[debug] [2026-07-03T02:10:00.102Z] Building nodejs source
[info] i  functions: Loading and analyzing source code for codebase default to determine what to deploy 
[debug] [2026-07-03T02:10:00.104Z] Could not find functions.yaml. Must use http discovery
[debug] [2026-07-03T02:10:00.116Z] Found firebase-functions binary at '/Users/scotmacair/Desktop/Allsites/onetmediagroup-site/factoryoncall/functions/node_modules/.bin/firebase-functions'
[debug] [2026-07-03T02:10:00.121Z] Error: spawn /Users/scotmacair/Desktop/Allsites/onetmediagroup-site/factoryoncall/functions/node_modules/.bin/firebase-functions EACCES
    at ChildProcess._handle.onexit (node:internal/child_process:285:19)
    at onErrorNT (node:internal/child_process:483:16)
    at process.processTicksAndRejections (node:internal/process/task_queues:90:21)
[error] 
[error] Error: An unexpected error has occurred.
